// Jest Snapshot v1, https://goo.gl/fbAQLP

exports[`renders form 1`] = `
<Form
  onSubmit={[Function]}
>
  <Row
    className="mb-3"
  >
    <FormGroup
      as={
        {
          "$$typeof": Symbol(react.forward_ref),
          "render": [Function],
        }
      }
      controlId="note"
    >
      <FormControl
        as="textarea"
        data-testid="note-textarea"
        onChange={[Function]}
        rows={5}
        value=""
      />
    </FormGroup>
  </Row>
  <Row
    className="mb-3"
  >
    <FormGroup
      as={
        {
          "$$typeof": Symbol(react.forward_ref),
          "render": [Function],
        }
      }
      controlId="noteAddDate"
    >
      <FormControl
        data-testid="note-add-date"
        onChange={[Function]}
        type="date"
        value="2024-07-23"
      />
    </FormGroup>
    <FormGroup
      as={
        {
          "$$typeof": Symbol(react.forward_ref),
          "render": [Function],
        }
      }
      controlId="submitForm"
    >
      <Button
        data-testid="add-note-button"
        type="submit"
      >
        Add note
      </Button>
    </FormGroup>
  </Row>
</Form>
`;
