// Jest Snapshot v1, https://goo.gl/fbAQLP

exports[`renders list of events 1`] = `
<React.Fragment>
  <div
    className="d-flex justify-content-center"
  >
    <EventsManagement
      addNote={[Function]}
      addPhoto={[Function]}
      closeAddEventForm={[Function]}
      openAddEventForm={[Function]}
      showEventForm={null}
    />
  </div>
  <div
    className="d-flex justify-content-center"
  >
    <EventsTimeline
      events={
        Immutable.List [
          {
            "date": EventDate {
              "value": "2024-07-12T20:00Z",
            },
            "id": "event-1",
            "note": "event-1",
          },
          {
            "date": EventDate {
              "value": "2024-07-12T21:00Z",
            },
            "id": "event-2",
            "note": "event-2",
          },
        ]
      }
      loadEvents={[Function]}
    />
  </div>
</React.Fragment>
`;
